// Jest Snapshot v1, https://goo.gl/fbAQLP

exports[`CommentBox Tests it matches snapshot 1`] = `
<div
  id="comment-box"
>
  <withRouter(Connect(AddComment)) />
  <withRouter(Connect(CommentsView)) />
</div>
`;
