// Jest Snapshot v1, https://goo.gl/fbAQLP

exports[`Report Article Component should match snapshot 1`] = `<Connect(ReportArticle) />`;
